// Jest Snapshot v1, https://goo.gl/fbAQLP

exports[`DB keys 1`] = `
{
  "LOGS": "BURPEES_LOGS",
  "USER_PREFERENCES": "BURPEES_USER_PREFERENCES",
}
`;

exports[`DB should retrieve 1`] = `
{
  "hello": "world",
}
`;

exports[`DB should save 1`] = `"{"hello":"world"}"`;
